EN cubefield NULL "C:/Users/jelledevleeschouwer/Documents/Digitale Elektronica/Project/Cubefield/cubefield.vhd" sub00/vhpl06 1389122891
AR ps2_basys2 behavioral "C:/Users/jelledevleeschouwer/Documents/Digitale Elektronica/Project/Cubefield/PS2.vhd" sub00/vhpl05 1389122890
MO horizon NULL ipcore_dir/horizon.v vlg3D/horizon.bin 1389122886
AR cubefield behavioral "C:/Users/jelledevleeschouwer/Documents/Digitale Elektronica/Project/Cubefield/cubefield.vhd" sub00/vhpl07 1389122892
EN rendering NULL "C:/Users/jelledevleeschouwer/Documents/Digitale Elektronica/Project/Project1/rendering.vhd" sub00/vhpl10 1388497513
PB cube_pkg cube_pkg "C:/Users/jelledevleeschouwer/Documents/Digitale Elektronica/Project/Cubefield/cube_pkg.vhd" sub00/vhpl01 1389122886
EN ps2_basys2 NULL "C:/Users/jelledevleeschouwer/Documents/Digitale Elektronica/Project/Cubefield/PS2.vhd" sub00/vhpl04 1389122889
AR rand behavioral "C:/Users/jelledevleeschouwer/Documents/Digitale Elektronica/Project/Cubefield/Rand.vhd" sub00/vhpl03 1389122888
EN vga_timing NULL "C:/Users/jelledevleeschouwer/Documents/Digitale Elektronica/Project/Project1/vga_timing.vhd" sub00/vhpl08 1388497511
AR vga_timing behavioral "C:/Users/jelledevleeschouwer/Documents/Digitale Elektronica/Project/Project1/vga_timing.vhd" sub00/vhpl09 1388497512
AR rendering behavioral "C:/Users/jelledevleeschouwer/Documents/Digitale Elektronica/Project/Project1/rendering.vhd" sub00/vhpl11 1388497514
EN rand NULL "C:/Users/jelledevleeschouwer/Documents/Digitale Elektronica/Project/Cubefield/Rand.vhd" sub00/vhpl02 1389122887
PH cube_pkg NULL "C:/Users/jelledevleeschouwer/Documents/Digitale Elektronica/Project/Cubefield/cube_pkg.vhd" sub00/vhpl00 1389122885
