V3 25
FL "C:/Users/jelledevleeschouwer/Documents/Digitale Elektronica/Project/Cubefield/cubefield.vhd" 2014/01/07.20:28:00 P.28xd
EN work/cubefield 1389122891 \
      FL "C:/Users/jelledevleeschouwer/Documents/Digitale Elektronica/Project/Cubefield/cubefield.vhd" \
      PB ieee/std_logic_1164 1341906176 PB ieee/STD_LOGIC_UNSIGNED 1341906179 \
      PB ieee/std_logic_arith 1341906177 PB ieee/NUMERIC_STD 1341906182 \
      PB work/cube_pkg 1389122886
AR work/cubefield/Behavioral 1389122892 \
      FL "C:/Users/jelledevleeschouwer/Documents/Digitale Elektronica/Project/Cubefield/cubefield.vhd" \
      EN work/cubefield 1389122891 CP horizon CP rand CP PS2_basys2
FL "C:/Users/jelledevleeschouwer/Documents/Digitale Elektronica/Project/Cubefield/cube_pkg.vhd" 2013/12/30.16:04:46 P.28xd
PH work/cube_pkg 1389122885 \
      FL "C:/Users/jelledevleeschouwer/Documents/Digitale Elektronica/Project/Cubefield/cube_pkg.vhd" \
      PB ieee/std_logic_1164 1341906176
PB work/cube_pkg 1389122886 \
      FL "C:/Users/jelledevleeschouwer/Documents/Digitale Elektronica/Project/Cubefield/cube_pkg.vhd" \
      PH work/cube_pkg 1389122885
FL "C:/Users/jelledevleeschouwer/Documents/Digitale Elektronica/Project/Cubefield/PS2.vhd" 2013/12/29.14:56:31 P.28xd
EN work/PS2_basys2 1389122889 \
      FL "C:/Users/jelledevleeschouwer/Documents/Digitale Elektronica/Project/Cubefield/PS2.vhd" \
      PB ieee/std_logic_1164 1341906176 PB ieee/std_logic_arith 1341906177 \
      PB ieee/STD_LOGIC_UNSIGNED 1341906179
AR work/PS2_basys2/Behavioral 1389122890 \
      FL "C:/Users/jelledevleeschouwer/Documents/Digitale Elektronica/Project/Cubefield/PS2.vhd" \
      EN work/PS2_basys2 1389122889
FL "C:/Users/jelledevleeschouwer/Documents/Digitale Elektronica/Project/Cubefield/Rand.vhd" 2013/12/30.15:17:26 P.28xd
EN work/rand 1389122887 \
      FL "C:/Users/jelledevleeschouwer/Documents/Digitale Elektronica/Project/Cubefield/Rand.vhd" \
      PB ieee/std_logic_1164 1341906176 PB ieee/STD_LOGIC_UNSIGNED 1341906179 \
      PB ieee/std_logic_arith 1341906177 PB ieee/NUMERIC_STD 1341906182
AR work/rand/Behavioral 1389122888 \
      FL "C:/Users/jelledevleeschouwer/Documents/Digitale Elektronica/Project/Cubefield/Rand.vhd" \
      EN work/rand 1389122887
FL "C:/Users/jelledevleeschouwer/Documents/Digitale Elektronica/Project/Project1/cubefield.vhd" 2014/01/04.15:14:30 P.28xd
FL "C:/Users/jelledevleeschouwer/Documents/Digitale Elektronica/Project/Project1/cube_pkg.vhd" 2013/12/30.16:04:46 P.28xd
FL "C:/Users/jelledevleeschouwer/Documents/Digitale Elektronica/Project/Project1/PS2_basys2.vhd" 2013/12/29.14:56:31 P.28xd
FL "C:/Users/jelledevleeschouwer/Documents/Digitale Elektronica/Project/Project1/Rand.vhd" 2013/12/30.15:17:26 P.28xd
FL "C:/Users/jelledevleeschouwer/Documents/Digitale Elektronica/Project/Project1/rendering.vhd" 2013/12/31.14:45:05 P.28xd
EN work/rendering 1388497513 \
      FL "C:/Users/jelledevleeschouwer/Documents/Digitale Elektronica/Project/Project1/rendering.vhd" \
      PB ieee/std_logic_1164 1341906176 PB ieee/STD_LOGIC_UNSIGNED 1341906179 \
      PB ieee/std_logic_arith 1341906177 PB ieee/NUMERIC_STD 1341906182 \
      PB work/cube_pkg 1389122886
AR work/rendering/Behavioral 1388497514 \
      FL "C:/Users/jelledevleeschouwer/Documents/Digitale Elektronica/Project/Project1/rendering.vhd" \
      EN work/rendering 1388497513
FL "C:/Users/jelledevleeschouwer/Documents/Digitale Elektronica/Project/Project1/vga_timing.vhd" 2013/12/31.14:42:58 P.28xd
EN work/vga_timing 1388497511 \
      FL "C:/Users/jelledevleeschouwer/Documents/Digitale Elektronica/Project/Project1/vga_timing.vhd" \
      PB ieee/std_logic_1164 1341906176 PB ieee/STD_LOGIC_UNSIGNED 1341906179 \
      PB ieee/std_logic_arith 1341906177 PB ieee/NUMERIC_STD 1341906182 \
      PB work/cube_pkg 1389122886
AR work/vga_timing/Behavioral 1388497512 \
      FL "C:/Users/jelledevleeschouwer/Documents/Digitale Elektronica/Project/Project1/vga_timing.vhd" \
      EN work/vga_timing 1388497511
